info: CaseManagement.Api.Services.SlaEscalationBackgroundService[0]
      SlaEscalationBackgroundService started.
info: Microsoft.Hosting.Lifetime[14]
      Now listening on: http://localhost:5110
info: Microsoft.Hosting.Lifetime[0]
      Application started. Press Ctrl+C to shut down.
info: Microsoft.Hosting.Lifetime[0]
      Hosting environment: Development
info: Microsoft.Hosting.Lifetime[0]
      Content root path: /Users/tusharvashisht/Downloads/case_cxsuite/backend
warn: Microsoft.AspNetCore.HttpsPolicy.HttpsRedirectionMiddleware[3]
      Failed to determine the https port for redirect.
fail: Microsoft.EntityFrameworkCore.Database.Command[20102]
      Failed executing DbCommand (52,509ms) [Parameters=[], CommandType='Text', CommandTimeout='90']
      SELECT e."Id", e."ActionDescription", e."AssignmentType", e."CreatedAt", e."DisplayOrder", e."IsActive", e."LevelNumber", e."Name", e."ReassignOwner", e."TargetRole", e."TargetUserId", e."TriggerDescription", e."TriggerType", e."TriggerValue", e."UpdatedAt"
      FROM "EscalationLevelConfigs" AS e
      ORDER BY e."LevelNumber"
info: Microsoft.EntityFrameworkCore.Infrastructure[10404]
      A transient exception occurred during execution. The operation will be retried after 0ms.
      Npgsql.NpgsqlException (0x80004005): The connection was previously broken because of the following exception
       ---> Npgsql.NpgsqlException (0x80004005): Exception while reading from stream
       ---> System.TimeoutException: Timeout during reading attempt
         at Npgsql.Internal.NpgsqlReadBuffer.<Ensure>g__EnsureLong|54_0(NpgsqlReadBuffer buffer, Int32 count, Boolean async, Boolean readingNotifications)
         at System.Runtime.CompilerServices.PoolingAsyncValueTaskMethodBuilder`1.StateMachineBox`1.System.Threading.Tasks.Sources.IValueTaskSource.GetResult(Int16 token)
         at Npgsql.Internal.NpgsqlConnector.ReadMessageLong(Boolean async, DataRowLoadingMode dataRowLoadingMode, Boolean readingNotifications, Boolean isReadingPrependedMessage)
         at System.Runtime.CompilerServices.PoolingAsyncValueTaskMethodBuilder`1.StateMachineBox`1.System.Threading.Tasks.Sources.IValueTaskSource<TResult>.GetResult(Int16 token)
         at Npgsql.Internal.NpgsqlConnector.PerformKeepAlive(Object state)
         at Npgsql.ThrowHelper.ThrowNpgsqlException(String message, Exception innerException)
         at Npgsql.Internal.NpgsqlConnector.<StartUserAction>g__DoStartUserActionWithKeepAlive|285_1(ConnectorState newState, NpgsqlCommand command, CancellationToken cancellationToken, Boolean attemptPgCancellation)
         at Npgsql.NpgsqlCommand.ExecuteReader(Boolean async, CommandBehavior behavior, CancellationToken cancellationToken)
         at Npgsql.NpgsqlCommand.ExecuteReader(Boolean async, CommandBehavior behavior, CancellationToken cancellationToken)
         at Npgsql.NpgsqlCommand.ExecuteDbDataReaderAsync(CommandBehavior behavior, CancellationToken cancellationToken)
         at Microsoft.EntityFrameworkCore.Storage.RelationalCommand.ExecuteReaderAsync(RelationalCommandParameterObject parameterObject, CancellationToken cancellationToken)
         at Microsoft.EntityFrameworkCore.Storage.RelationalCommand.ExecuteReaderAsync(RelationalCommandParameterObject parameterObject, CancellationToken cancellationToken)
         at Microsoft.EntityFrameworkCore.Query.Internal.SingleQueryingEnumerable`1.AsyncEnumerator.InitializeReaderAsync(AsyncEnumerator enumerator, CancellationToken cancellationToken)
         at Microsoft.EntityFrameworkCore.Storage.ExecutionStrategy.<>c__DisplayClass30_0`2.<<ExecuteAsync>b__0>d.MoveNext()
      --- End of stack trace from previous location ---
         at Microsoft.EntityFrameworkCore.Storage.ExecutionStrategy.ExecuteImplementationAsync[TState,TResult](Func`4 operation, Func`4 verifySucceeded, TState state, CancellationToken cancellationToken)
      Npgsql.NpgsqlException (0x80004005): The connection was previously broken because of the following exception
       ---> Npgsql.NpgsqlException (0x80004005): Exception while reading from stream
       ---> System.TimeoutException: Timeout during reading attempt
         at Npgsql.Internal.NpgsqlReadBuffer.<Ensure>g__EnsureLong|54_0(NpgsqlReadBuffer buffer, Int32 count, Boolean async, Boolean readingNotifications)
         at System.Runtime.CompilerServices.PoolingAsyncValueTaskMethodBuilder`1.StateMachineBox`1.System.Threading.Tasks.Sources.IValueTaskSource.GetResult(Int16 token)
         at Npgsql.Internal.NpgsqlConnector.ReadMessageLong(Boolean async, DataRowLoadingMode dataRowLoadingMode, Boolean readingNotifications, Boolean isReadingPrependedMessage)
         at System.Runtime.CompilerServices.PoolingAsyncValueTaskMethodBuilder`1.StateMachineBox`1.System.Threading.Tasks.Sources.IValueTaskSource<TResult>.GetResult(Int16 token)
         at Npgsql.Internal.NpgsqlConnector.PerformKeepAlive(Object state)
         at Npgsql.ThrowHelper.ThrowNpgsqlException(String message, Exception innerException)
         at Npgsql.Internal.NpgsqlConnector.<StartUserAction>g__DoStartUserActionWithKeepAlive|285_1(ConnectorState newState, NpgsqlCommand command, CancellationToken cancellationToken, Boolean attemptPgCancellation)
         at Npgsql.NpgsqlCommand.ExecuteReader(Boolean async, CommandBehavior behavior, CancellationToken cancellationToken)
         at Npgsql.NpgsqlCommand.ExecuteReader(Boolean async, CommandBehavior behavior, CancellationToken cancellationToken)
         at Npgsql.NpgsqlCommand.ExecuteDbDataReaderAsync(CommandBehavior behavior, CancellationToken cancellationToken)
         at Microsoft.EntityFrameworkCore.Storage.RelationalCommand.ExecuteReaderAsync(RelationalCommandParameterObject parameterObject, CancellationToken cancellationToken)
         at Microsoft.EntityFrameworkCore.Storage.RelationalCommand.ExecuteReaderAsync(RelationalCommandParameterObject parameterObject, CancellationToken cancellationToken)
         at Microsoft.EntityFrameworkCore.Query.Internal.SingleQueryingEnumerable`1.AsyncEnumerator.InitializeReaderAsync(AsyncEnumerator enumerator, CancellationToken cancellationToken)
         at Microsoft.EntityFrameworkCore.Storage.ExecutionStrategy.<>c__DisplayClass30_0`2.<<ExecuteAsync>b__0>d.MoveNext()
      --- End of stack trace from previous location ---
         at Microsoft.EntityFrameworkCore.Storage.ExecutionStrategy.ExecuteImplementationAsync[TState,TResult](Func`4 operation, Func`4 verifySucceeded, TState state, CancellationToken cancellationToken)
fail: Microsoft.EntityFrameworkCore.Database.Command[20102]
      Failed executing DbCommand (30,003ms) [Parameters=[], CommandType='Text', CommandTimeout='90']
      SELECT e."Id", e."ActionDescription", e."AssignmentType", e."CreatedAt", e."DisplayOrder", e."IsActive", e."LevelNumber", e."Name", e."ReassignOwner", e."TargetRole", e."TargetUserId", e."TriggerDescription", e."TriggerType", e."TriggerValue", e."UpdatedAt"
      FROM "EscalationLevelConfigs" AS e
      ORDER BY e."LevelNumber"
info: Microsoft.EntityFrameworkCore.Infrastructure[10404]
      A transient exception occurred during execution. The operation will be retried after 0ms.
      Npgsql.NpgsqlException (0x80004005): The connection was previously broken because of the following exception
       ---> Npgsql.NpgsqlException (0x80004005): Exception while reading from stream
       ---> System.TimeoutException: Timeout during reading attempt
         at Npgsql.Internal.NpgsqlReadBuffer.<Ensure>g__EnsureLong|54_0(NpgsqlReadBuffer buffer, Int32 count, Boolean async, Boolean readingNotifications)
         at System.Runtime.CompilerServices.PoolingAsyncValueTaskMethodBuilder`1.StateMachineBox`1.System.Threading.Tasks.Sources.IValueTaskSource.GetResult(Int16 token)
         at Npgsql.Internal.NpgsqlConnector.ReadMessageLong(Boolean async, DataRowLoadingMode dataRowLoadingMode, Boolean readingNotifications, Boolean isReadingPrependedMessage)
         at System.Runtime.CompilerServices.PoolingAsyncValueTaskMethodBuilder`1.StateMachineBox`1.System.Threading.Tasks.Sources.IValueTaskSource<TResult>.GetResult(Int16 token)
         at Npgsql.Internal.NpgsqlConnector.PerformKeepAlive(Object state)
         at Npgsql.ThrowHelper.ThrowNpgsqlException(String message, Exception innerException)
         at Npgsql.Internal.NpgsqlConnector.<StartUserAction>g__DoStartUserActionWithKeepAlive|285_1(ConnectorState newState, NpgsqlCommand command, CancellationToken cancellationToken, Boolean attemptPgCancellation)
         at Npgsql.NpgsqlCommand.ExecuteReader(Boolean async, CommandBehavior behavior, CancellationToken cancellationToken)
         at Npgsql.NpgsqlCommand.ExecuteReader(Boolean async, CommandBehavior behavior, CancellationToken cancellationToken)
         at Npgsql.NpgsqlCommand.ExecuteDbDataReaderAsync(CommandBehavior behavior, CancellationToken cancellationToken)
         at Microsoft.EntityFrameworkCore.Storage.RelationalCommand.ExecuteReaderAsync(RelationalCommandParameterObject parameterObject, CancellationToken cancellationToken)
         at Microsoft.EntityFrameworkCore.Storage.RelationalCommand.ExecuteReaderAsync(RelationalCommandParameterObject parameterObject, CancellationToken cancellationToken)
         at Microsoft.EntityFrameworkCore.Query.Internal.SingleQueryingEnumerable`1.AsyncEnumerator.InitializeReaderAsync(AsyncEnumerator enumerator, CancellationToken cancellationToken)
         at Microsoft.EntityFrameworkCore.Storage.ExecutionStrategy.<>c__DisplayClass30_0`2.<<ExecuteAsync>b__0>d.MoveNext()
      --- End of stack trace from previous location ---
         at Microsoft.EntityFrameworkCore.Storage.ExecutionStrategy.ExecuteImplementationAsync[TState,TResult](Func`4 operation, Func`4 verifySucceeded, TState state, CancellationToken cancellationToken)
      Npgsql.NpgsqlException (0x80004005): The connection was previously broken because of the following exception
       ---> Npgsql.NpgsqlException (0x80004005): Exception while reading from stream
       ---> System.TimeoutException: Timeout during reading attempt
         at Npgsql.Internal.NpgsqlReadBuffer.<Ensure>g__EnsureLong|54_0(NpgsqlReadBuffer buffer, Int32 count, Boolean async, Boolean readingNotifications)
         at System.Runtime.CompilerServices.PoolingAsyncValueTaskMethodBuilder`1.StateMachineBox`1.System.Threading.Tasks.Sources.IValueTaskSource.GetResult(Int16 token)
         at Npgsql.Internal.NpgsqlConnector.ReadMessageLong(Boolean async, DataRowLoadingMode dataRowLoadingMode, Boolean readingNotifications, Boolean isReadingPrependedMessage)
         at System.Runtime.CompilerServices.PoolingAsyncValueTaskMethodBuilder`1.StateMachineBox`1.System.Threading.Tasks.Sources.IValueTaskSource<TResult>.GetResult(Int16 token)
         at Npgsql.Internal.NpgsqlConnector.PerformKeepAlive(Object state)
         at Npgsql.ThrowHelper.ThrowNpgsqlException(String message, Exception innerException)
         at Npgsql.Internal.NpgsqlConnector.<StartUserAction>g__DoStartUserActionWithKeepAlive|285_1(ConnectorState newState, NpgsqlCommand command, CancellationToken cancellationToken, Boolean attemptPgCancellation)
         at Npgsql.NpgsqlCommand.ExecuteReader(Boolean async, CommandBehavior behavior, CancellationToken cancellationToken)
         at Npgsql.NpgsqlCommand.ExecuteReader(Boolean async, CommandBehavior behavior, CancellationToken cancellationToken)
         at Npgsql.NpgsqlCommand.ExecuteDbDataReaderAsync(CommandBehavior behavior, CancellationToken cancellationToken)
         at Microsoft.EntityFrameworkCore.Storage.RelationalCommand.ExecuteReaderAsync(RelationalCommandParameterObject parameterObject, CancellationToken cancellationToken)
         at Microsoft.EntityFrameworkCore.Storage.RelationalCommand.ExecuteReaderAsync(RelationalCommandParameterObject parameterObject, CancellationToken cancellationToken)
         at Microsoft.EntityFrameworkCore.Query.Internal.SingleQueryingEnumerable`1.AsyncEnumerator.InitializeReaderAsync(AsyncEnumerator enumerator, CancellationToken cancellationToken)
         at Microsoft.EntityFrameworkCore.Storage.ExecutionStrategy.<>c__DisplayClass30_0`2.<<ExecuteAsync>b__0>d.MoveNext()
      --- End of stack trace from previous location ---
         at Microsoft.EntityFrameworkCore.Storage.ExecutionStrategy.ExecuteImplementationAsync[TState,TResult](Func`4 operation, Func`4 verifySucceeded, TState state, CancellationToken cancellationToken)
info: Microsoft.Hosting.Lifetime[0]
      Application is shutting down...
